Component: ARM Compiler 5.06 update 6 (build 750) Tool: armlink [4d35ed]

==============================================================================

Section Cross References

    floating_point.o(appcode) refers to printmsg.o(i.printMsg) for printMsg
    printmsg.o(i.printMsg) refers to _printf_percent.o(.ARM.Collect$$_printf_percent$$00000000) for _printf_percent
    printmsg.o(i.printMsg) refers to _printf_x.o(.ARM.Collect$$_printf_percent$$0000000C) for _printf_x
    printmsg.o(i.printMsg) refers to _printf_hex_int.o(.text) for _printf_longlong_hex
    printmsg.o(i.printMsg) refers to noretval__2sprintf.o(.text) for __2sprintf
    startup_tm4c123.o(STACK) refers (Special) to heapauxi.o(.text) for __use_two_region_memory
    startup_tm4c123.o(HEAP) refers (Special) to heapauxi.o(.text) for __use_two_region_memory
    startup_tm4c123.o(RESET) refers (Special) to heapauxi.o(.text) for __use_two_region_memory
    startup_tm4c123.o(RESET) refers to startup_tm4c123.o(STACK) for __initial_sp
    startup_tm4c123.o(RESET) refers to startup_tm4c123.o(.text) for Reset_Handler
    startup_tm4c123.o(.text) refers (Special) to heapauxi.o(.text) for __use_two_region_memory
    startup_tm4c123.o(.text) refers to system_tm4c123.o(i.SystemInit) for SystemInit
    startup_tm4c123.o(.text) refers to floating_point.o(appcode) for __main
    startup_tm4c123.o(.text) refers to startup_tm4c123.o(HEAP) for Heap_Mem
    startup_tm4c123.o(.text) refers to startup_tm4c123.o(STACK) for Stack_Mem
    system_tm4c123.o(i.SystemCoreClockUpdate) refers to system_tm4c123.o(i.getOscClk) for getOscClk
    system_tm4c123.o(i.SystemCoreClockUpdate) refers to system_tm4c123.o(.data) for SystemCoreClock
    __2sprintf.o(.text) refers to _printf_char_common.o(.text) for _printf_char_common
    __2sprintf.o(.text) refers to _sputc.o(.text) for _sputc
    noretval__2sprintf.o(.text) refers to _printf_char_common.o(.text) for _printf_char_common
    noretval__2sprintf.o(.text) refers to _sputc.o(.text) for _sputc
    __printf.o(.text) refers to _printf_percent.o(.ARM.Collect$$_printf_percent$$00000000) for _printf_percent
    _printf_hex_ll.o(.text) refers to _printf_intcommon.o(.text) for _printf_int_common
    _printf_hex_ll.o(.text) refers to _printf_hex_ll.o(.constdata) for .constdata
    _printf_hex_int.o(.text) refers to _printf_intcommon.o(.text) for _printf_int_common
    _printf_hex_int.o(.text) refers to _printf_hex_int.o(.constdata) for .constdata
    _printf_hex_int_ll.o(.text) refers to _printf_intcommon.o(.text) for _printf_int_common
    _printf_hex_int_ll.o(.text) refers to _printf_hex_int_ll.o(.constdata) for .constdata
    _printf_hex_ptr.o(.text) refers to _printf_intcommon.o(.text) for _printf_int_common
    _printf_hex_ptr.o(.text) refers to _printf_hex_ptr.o(.constdata) for .constdata
    _printf_hex_int_ptr.o(.text) refers to _printf_intcommon.o(.text) for _printf_int_common
    _printf_hex_int_ptr.o(.text) refers to _printf_hex_int_ptr.o(.constdata) for .constdata
    _printf_hex_ll_ptr.o(.text) refers to _printf_intcommon.o(.text) for _printf_int_common
    _printf_hex_ll_ptr.o(.text) refers to _printf_hex_ll_ptr.o(.constdata) for .constdata
    _printf_hex_int_ll_ptr.o(.text) refers to _printf_intcommon.o(.text) for _printf_int_common
    _printf_hex_int_ll_ptr.o(.text) refers to _printf_hex_int_ll_ptr.o(.constdata) for .constdata
    __printf_flags.o(.text) refers to _printf_percent.o(.ARM.Collect$$_printf_percent$$00000000) for _printf_percent
    __printf_flags.o(.text) refers to __printf_flags.o(.constdata) for .constdata
    __printf_ss.o(.text) refers to _printf_percent.o(.ARM.Collect$$_printf_percent$$00000000) for _printf_percent
    __printf_flags_ss.o(.text) refers to _printf_percent.o(.ARM.Collect$$_printf_percent$$00000000) for _printf_percent
    __printf_flags_ss.o(.text) refers to __printf_flags_ss.o(.constdata) for .constdata
    __printf_wp.o(.text) refers to __printf_wp.o(i._is_digit) for _is_digit
    __printf_wp.o(.text) refers to _printf_percent.o(.ARM.Collect$$_printf_percent$$00000000) for _printf_percent
    __printf_flags_wp.o(.text) refers to __printf_wp.o(i._is_digit) for _is_digit
    __printf_flags_wp.o(.text) refers to _printf_percent.o(.ARM.Collect$$_printf_percent$$00000000) for _printf_percent
    __printf_flags_wp.o(.text) refers to __printf_flags_wp.o(.constdata) for .constdata
    __printf_ss_wp.o(.text) refers to __printf_wp.o(i._is_digit) for _is_digit
    __printf_ss_wp.o(.text) refers to _printf_percent.o(.ARM.Collect$$_printf_percent$$00000000) for _printf_percent
    __printf_flags_ss_wp.o(.text) refers to __printf_wp.o(i._is_digit) for _is_digit
    __printf_flags_ss_wp.o(.text) refers to _printf_percent.o(.ARM.Collect$$_printf_percent$$00000000) for _printf_percent
    __printf_flags_ss_wp.o(.text) refers to __printf_flags_ss_wp.o(.constdata) for .constdata
    _printf_x.o(.ARM.Collect$$_printf_percent$$0000000C) refers (Weak) to _printf_hex_int.o(.text) for _printf_int_hex
    _printf_percent.o(.ARM.Collect$$_printf_percent$$00000000) refers (Special) to _printf_percent_end.o(.ARM.Collect$$_printf_percent$$00000017) for _printf_percent_end
    _printf_char_common.o(.text) refers to __printf.o(.text) for __printf


==============================================================================

Removing Unused input sections from the image.

    Removing printmsg.o(.rev16_text), (4 bytes).
    Removing printmsg.o(.revsh_text), (4 bytes).
    Removing printmsg.o(.rrx_text), (6 bytes).
    Removing system_tm4c123.o(.rev16_text), (4 bytes).
    Removing system_tm4c123.o(.revsh_text), (4 bytes).
    Removing system_tm4c123.o(.rrx_text), (6 bytes).
    Removing system_tm4c123.o(i.SystemCoreClockUpdate), (196 bytes).
    Removing system_tm4c123.o(i.getOscClk), (244 bytes).
    Removing system_tm4c123.o(.data), (4 bytes).

9 unused section(s) (total 472 bytes) removed from the image.

==============================================================================

Image Symbol Table

    Local Symbols

    Symbol Name                              Value     Ov Type        Size  Object(Section)

    RESET                                    0x00000000   Section      620  startup_tm4c123.o(RESET)
    ../clib/heapaux.c                        0x00000000   Number         0  heapauxi.o ABSOLUTE
    ../clib/printf.c                         0x00000000   Number         0  __printf.o ABSOLUTE
    ../clib/printf.c                         0x00000000   Number         0  _printf_char_common.o ABSOLUTE
    ../clib/printf.c                         0x00000000   Number         0  _printf_hex_ll.o ABSOLUTE
    ../clib/printf.c                         0x00000000   Number         0  _printf_hex_int.o ABSOLUTE
    ../clib/printf.c                         0x00000000   Number         0  _printf_intcommon.o ABSOLUTE
    ../clib/printf.c                         0x00000000   Number         0  _sputc.o ABSOLUTE
    ../clib/printf.c                         0x00000000   Number         0  __printf_nopercent.o ABSOLUTE
    ../clib/printf.c                         0x00000000   Number         0  __printf_ss.o ABSOLUTE
    ../clib/printf.c                         0x00000000   Number         0  _printf_hex_int_ll.o ABSOLUTE
    ../clib/printf.c                         0x00000000   Number         0  _printf_hex_ptr.o ABSOLUTE
    ../clib/printf.c                         0x00000000   Number         0  _printf_hex_int_ptr.o ABSOLUTE
    ../clib/printf.c                         0x00000000   Number         0  _printf_hex_ll_ptr.o ABSOLUTE
    ../clib/printf.c                         0x00000000   Number         0  _printf_hex_int_ll_ptr.o ABSOLUTE
    ../clib/printf.c                         0x00000000   Number         0  __printf_flags.o ABSOLUTE
    ../clib/printf.c                         0x00000000   Number         0  __printf_flags_ss.o ABSOLUTE
    ../clib/printf.c                         0x00000000   Number         0  __printf_wp.o ABSOLUTE
    ../clib/printf.c                         0x00000000   Number         0  __printf_flags_wp.o ABSOLUTE
    ../clib/printf.c                         0x00000000   Number         0  __printf_ss_wp.o ABSOLUTE
    ../clib/printf.c                         0x00000000   Number         0  __2sprintf.o ABSOLUTE
    ../clib/printf.c                         0x00000000   Number         0  noretval__2sprintf.o ABSOLUTE
    ../clib/printf.c                         0x00000000   Number         0  __printf_flags_ss_wp.o ABSOLUTE
    ../clib/printf_percent.s                 0x00000000   Number         0  _printf_x.o ABSOLUTE
    ../clib/printf_percent.s                 0x00000000   Number         0  _printf_percent.o ABSOLUTE
    ../clib/printf_percent.s                 0x00000000   Number         0  _printf_percent_end.o ABSOLUTE
    RTE\Device\TM4C123GH6PM\startup_TM4C123.s 0x00000000   Number         0  startup_tm4c123.o ABSOLUTE
    RTE\Device\TM4C123GH6PM\system_TM4C123.c 0x00000000   Number         0  system_tm4c123.o ABSOLUTE
    RTE\\Device\\TM4C123GH6PM\\system_TM4C123.c 0x00000000   Number         0  system_tm4c123.o ABSOLUTE
    dc.s                                     0x00000000   Number         0  dc.o ABSOLUTE
    floating_point.s                         0x00000000   Number         0  floating_point.o ABSOLUTE
    printMsg.c                               0x00000000   Number         0  printmsg.o ABSOLUTE
    printMsg.c                               0x00000000   Number         0  printmsg.o ABSOLUTE
    .ARM.Collect$$_printf_percent$$00000000  0x0000026c   Section        0  _printf_percent.o(.ARM.Collect$$_printf_percent$$00000000)
    .ARM.Collect$$_printf_percent$$0000000C  0x0000026c   Section        6  _printf_x.o(.ARM.Collect$$_printf_percent$$0000000C)
    .ARM.Collect$$_printf_percent$$00000017  0x00000272   Section        4  _printf_percent_end.o(.ARM.Collect$$_printf_percent$$00000017)
    .text                                    0x00000278   Section      276  startup_tm4c123.o(.text)
    $v0                                      0x00000278   Number         0  startup_tm4c123.o(.text)
    .text                                    0x0000038c   Section        0  noretval__2sprintf.o(.text)
    .text                                    0x000003b4   Section        0  __printf.o(.text)
    .text                                    0x0000041c   Section        0  _printf_hex_int.o(.text)
    .text                                    0x00000474   Section        0  heapauxi.o(.text)
    .text                                    0x0000047a   Section        0  _printf_intcommon.o(.text)
    .text                                    0x0000052c   Section        0  _printf_char_common.o(.text)
    _printf_input_char                       0x0000052d   Thumb Code    10  _printf_char_common.o(.text)
    .text                                    0x0000055c   Section        0  _sputc.o(.text)
    appcode                                  0x00000568   Section      394  floating_point.o(appcode)
    $v0                                      0x00000568   Number         0  floating_point.o(appcode)
    i.SystemInit                             0x000006f4   Section        0  system_tm4c123.o(i.SystemInit)
    i.printMsg                               0x00000708   Section        0  printmsg.o(i.printMsg)
    .constdata                               0x00000760   Section       40  _printf_hex_int.o(.constdata)
    uc_hextab                                0x00000760   Data          20  _printf_hex_int.o(.constdata)
    lc_hextab                                0x00000774   Data          20  _printf_hex_int.o(.constdata)
    HEAP                                     0x20000000   Section        0  startup_tm4c123.o(HEAP)
    STACK                                    0x20000000   Section      512  startup_tm4c123.o(STACK)
    Heap_Mem                                 0x20000000   Data           0  startup_tm4c123.o(HEAP)
    Stack_Mem                                0x20000000   Data         512  startup_tm4c123.o(STACK)
    __initial_sp                             0x20000200   Data           0  startup_tm4c123.o(STACK)

    Global Symbols

    Symbol Name                              Value     Ov Type        Size  Object(Section)

    BuildAttributes$$THM_ISAv4$E$P$D$K$B$S$7EM$VFPi3$EXTD16$VFPS$VFMA$PE$A:L22UL41UL21$X:L11$S22US41US21$IEEE1$IW$USESV6$~STKCKD$USESV7$~SHL$OSPACE$ROPI$EBA8$STANDARDLIB$REQ8$PRES8$EABIv2 0x00000000   Number         0  anon$$obj.o ABSOLUTE
    __Vectors                                0x00000000   Data           4  startup_tm4c123.o(RESET)
    _printf_post_padding                      - Undefined Weak Reference
    _printf_pre_padding                       - Undefined Weak Reference
    _printf_truncate_unsigned                 - Undefined Weak Reference
    __Vectors_End                            0x0000026c   Data           0  startup_tm4c123.o(RESET)
    __Vectors_Size                           0x0000026c   Number         0  startup_tm4c123.o ABSOLUTE
    _printf_percent                          0x0000026d   Thumb Code     0  _printf_percent.o(.ARM.Collect$$_printf_percent$$00000000)
    _printf_x                                0x0000026d   Thumb Code     0  _printf_x.o(.ARM.Collect$$_printf_percent$$0000000C)
    _printf_percent_end                      0x00000273   Thumb Code     0  _printf_percent_end.o(.ARM.Collect$$_printf_percent$$00000017)
    Reset_Handler                            0x00000279   Thumb Code     8  startup_tm4c123.o(.text)
    NMI_Handler                              0x00000281   Thumb Code     2  startup_tm4c123.o(.text)
    HardFault_Handler                        0x00000283   Thumb Code     2  startup_tm4c123.o(.text)
    MemManage_Handler                        0x00000285   Thumb Code     2  startup_tm4c123.o(.text)
    BusFault_Handler                         0x00000287   Thumb Code     2  startup_tm4c123.o(.text)
    UsageFault_Handler                       0x00000289   Thumb Code     2  startup_tm4c123.o(.text)
    SVC_Handler                              0x0000028b   Thumb Code     2  startup_tm4c123.o(.text)
    DebugMon_Handler                         0x0000028d   Thumb Code     2  startup_tm4c123.o(.text)
    PendSV_Handler                           0x0000028f   Thumb Code     2  startup_tm4c123.o(.text)
    SysTick_Handler                          0x00000291   Thumb Code     2  startup_tm4c123.o(.text)
    GPIOA_Handler                            0x00000293   Thumb Code     2  startup_tm4c123.o(.text)
    GPIOB_Handler                            0x00000295   Thumb Code     2  startup_tm4c123.o(.text)
    GPIOC_Handler                            0x00000297   Thumb Code     2  startup_tm4c123.o(.text)
    GPIOD_Handler                            0x00000299   Thumb Code     2  startup_tm4c123.o(.text)
    GPIOE_Handler                            0x0000029b   Thumb Code     2  startup_tm4c123.o(.text)
    UART0_Handler                            0x0000029d   Thumb Code     2  startup_tm4c123.o(.text)
    UART1_Handler                            0x0000029f   Thumb Code     2  startup_tm4c123.o(.text)
    SSI0_Handler                             0x000002a1   Thumb Code     2  startup_tm4c123.o(.text)
    I2C0_Handler                             0x000002a3   Thumb Code     2  startup_tm4c123.o(.text)
    PMW0_FAULT_Handler                       0x000002a5   Thumb Code     2  startup_tm4c123.o(.text)
    PWM0_0_Handler                           0x000002a7   Thumb Code     2  startup_tm4c123.o(.text)
    PWM0_1_Handler                           0x000002a9   Thumb Code     2  startup_tm4c123.o(.text)
    PWM0_2_Handler                           0x000002ab   Thumb Code     2  startup_tm4c123.o(.text)
    QEI0_Handler                             0x000002ad   Thumb Code     2  startup_tm4c123.o(.text)
    ADC0SS0_Handler                          0x000002af   Thumb Code     2  startup_tm4c123.o(.text)
    ADC0SS1_Handler                          0x000002b1   Thumb Code     2  startup_tm4c123.o(.text)
    ADC0SS2_Handler                          0x000002b3   Thumb Code     2  startup_tm4c123.o(.text)
    ADC0SS3_Handler                          0x000002b5   Thumb Code     2  startup_tm4c123.o(.text)
    WDT0_Handler                             0x000002b7   Thumb Code     2  startup_tm4c123.o(.text)
    TIMER0A_Handler                          0x000002b9   Thumb Code     2  startup_tm4c123.o(.text)
    TIMER0B_Handler                          0x000002bb   Thumb Code     2  startup_tm4c123.o(.text)
    TIMER1A_Handler                          0x000002bd   Thumb Code     2  startup_tm4c123.o(.text)
    TIMER1B_Handler                          0x000002bf   Thumb Code     2  startup_tm4c123.o(.text)
    TIMER2A_Handler                          0x000002c1   Thumb Code     2  startup_tm4c123.o(.text)
    TIMER2B_Handler                          0x000002c3   Thumb Code     2  startup_tm4c123.o(.text)
    COMP0_Handler                            0x000002c5   Thumb Code     2  startup_tm4c123.o(.text)
    COMP1_Handler                            0x000002c7   Thumb Code     2  startup_tm4c123.o(.text)
    COMP2_Handler                            0x000002c9   Thumb Code     2  startup_tm4c123.o(.text)
    SYSCTL_Handler                           0x000002cb   Thumb Code     2  startup_tm4c123.o(.text)
    FLASH_Handler                            0x000002cd   Thumb Code     2  startup_tm4c123.o(.text)
    GPIOF_Handler                            0x000002cf   Thumb Code     2  startup_tm4c123.o(.text)
    GPIOG_Handler                            0x000002d1   Thumb Code     2  startup_tm4c123.o(.text)
    GPIOH_Handler                            0x000002d3   Thumb Code     2  startup_tm4c123.o(.text)
    UART2_Handler                            0x000002d5   Thumb Code     2  startup_tm4c123.o(.text)
    SSI1_Handler                             0x000002d7   Thumb Code     2  startup_tm4c123.o(.text)
    TIMER3A_Handler                          0x000002d9   Thumb Code     2  startup_tm4c123.o(.text)
    TIMER3B_Handler                          0x000002db   Thumb Code     2  startup_tm4c123.o(.text)
    I2C1_Handler                             0x000002dd   Thumb Code     2  startup_tm4c123.o(.text)
    QEI1_Handler                             0x000002df   Thumb Code     2  startup_tm4c123.o(.text)
    CAN0_Handler                             0x000002e1   Thumb Code     2  startup_tm4c123.o(.text)
    CAN1_Handler                             0x000002e3   Thumb Code     2  startup_tm4c123.o(.text)
    CAN2_Handler                             0x000002e5   Thumb Code     2  startup_tm4c123.o(.text)
    HIB_Handler                              0x000002e7   Thumb Code     2  startup_tm4c123.o(.text)
    USB0_Handler                             0x000002e9   Thumb Code     2  startup_tm4c123.o(.text)
    PWM0_3_Handler                           0x000002eb   Thumb Code     2  startup_tm4c123.o(.text)
    UDMA_Handler                             0x000002ed   Thumb Code     2  startup_tm4c123.o(.text)
    UDMAERR_Handler                          0x000002ef   Thumb Code     2  startup_tm4c123.o(.text)
    ADC1SS0_Handler                          0x000002f1   Thumb Code     2  startup_tm4c123.o(.text)
    ADC1SS1_Handler                          0x000002f3   Thumb Code     2  startup_tm4c123.o(.text)
    ADC1SS2_Handler                          0x000002f5   Thumb Code     2  startup_tm4c123.o(.text)
    ADC1SS3_Handler                          0x000002f7   Thumb Code     2  startup_tm4c123.o(.text)
    GPIOJ_Handler                            0x000002f9   Thumb Code     2  startup_tm4c123.o(.text)
    GPIOK_Handler                            0x000002fb   Thumb Code     2  startup_tm4c123.o(.text)
    GPIOL_Handler                            0x000002fd   Thumb Code     2  startup_tm4c123.o(.text)
    SSI2_Handler                             0x000002ff   Thumb Code     2  startup_tm4c123.o(.text)
    SSI3_Handler                             0x00000301   Thumb Code     2  startup_tm4c123.o(.text)
    UART3_Handler                            0x00000303   Thumb Code     2  startup_tm4c123.o(.text)
    UART4_Handler                            0x00000305   Thumb Code     2  startup_tm4c123.o(.text)
    UART5_Handler                            0x00000307   Thumb Code     2  startup_tm4c123.o(.text)
    UART6_Handler                            0x00000309   Thumb Code     2  startup_tm4c123.o(.text)
    UART7_Handler                            0x0000030b   Thumb Code     2  startup_tm4c123.o(.text)
    I2C2_Handler                             0x0000030d   Thumb Code     2  startup_tm4c123.o(.text)
    I2C3_Handler                             0x0000030f   Thumb Code     2  startup_tm4c123.o(.text)
    TIMER4A_Handler                          0x00000311   Thumb Code     2  startup_tm4c123.o(.text)
    TIMER4B_Handler                          0x00000313   Thumb Code     2  startup_tm4c123.o(.text)
    TIMER5A_Handler                          0x00000315   Thumb Code     2  startup_tm4c123.o(.text)
    TIMER5B_Handler                          0x00000317   Thumb Code     2  startup_tm4c123.o(.text)
    WTIMER0A_Handler                         0x00000319   Thumb Code     2  startup_tm4c123.o(.text)
    WTIMER0B_Handler                         0x0000031b   Thumb Code     2  startup_tm4c123.o(.text)
    WTIMER1A_Handler                         0x0000031d   Thumb Code     2  startup_tm4c123.o(.text)
    WTIMER1B_Handler                         0x0000031f   Thumb Code     2  startup_tm4c123.o(.text)
    WTIMER2A_Handler                         0x00000321   Thumb Code     2  startup_tm4c123.o(.text)
    WTIMER2B_Handler                         0x00000323   Thumb Code     2  startup_tm4c123.o(.text)
    WTIMER3A_Handler                         0x00000325   Thumb Code     2  startup_tm4c123.o(.text)
    WTIMER3B_Handler                         0x00000327   Thumb Code     2  startup_tm4c123.o(.text)
    WTIMER4A_Handler                         0x00000329   Thumb Code     2  startup_tm4c123.o(.text)
    WTIMER4B_Handler                         0x0000032b   Thumb Code     2  startup_tm4c123.o(.text)
    WTIMER5A_Handler                         0x0000032d   Thumb Code     2  startup_tm4c123.o(.text)
    WTIMER5B_Handler                         0x0000032f   Thumb Code     2  startup_tm4c123.o(.text)
    FPU_Handler                              0x00000331   Thumb Code     2  startup_tm4c123.o(.text)
    I2C4_Handler                             0x00000333   Thumb Code     2  startup_tm4c123.o(.text)
    I2C5_Handler                             0x00000335   Thumb Code     2  startup_tm4c123.o(.text)
    GPIOM_Handler                            0x00000337   Thumb Code     2  startup_tm4c123.o(.text)
    GPION_Handler                            0x00000339   Thumb Code     2  startup_tm4c123.o(.text)
    QEI2_Handler                             0x0000033b   Thumb Code     2  startup_tm4c123.o(.text)
    GPIOP0_Handler                           0x0000033d   Thumb Code     2  startup_tm4c123.o(.text)
    GPIOP1_Handler                           0x0000033f   Thumb Code     2  startup_tm4c123.o(.text)
    GPIOP2_Handler                           0x00000341   Thumb Code     2  startup_tm4c123.o(.text)
    GPIOP3_Handler                           0x00000343   Thumb Code     2  startup_tm4c123.o(.text)
    GPIOP4_Handler                           0x00000345   Thumb Code     2  startup_tm4c123.o(.text)
    GPIOP5_Handler                           0x00000347   Thumb Code     2  startup_tm4c123.o(.text)
    GPIOP6_Handler                           0x00000349   Thumb Code     2  startup_tm4c123.o(.text)
    GPIOP7_Handler                           0x0000034b   Thumb Code     2  startup_tm4c123.o(.text)
    GPIOQ0_Handler                           0x0000034d   Thumb Code     2  startup_tm4c123.o(.text)
    GPIOQ1_Handler                           0x0000034f   Thumb Code     2  startup_tm4c123.o(.text)
    GPIOQ2_Handler                           0x00000351   Thumb Code     2  startup_tm4c123.o(.text)
    GPIOQ3_Handler                           0x00000353   Thumb Code     2  startup_tm4c123.o(.text)
    GPIOQ4_Handler                           0x00000355   Thumb Code     2  startup_tm4c123.o(.text)
    GPIOQ5_Handler                           0x00000357   Thumb Code     2  startup_tm4c123.o(.text)
    GPIOQ6_Handler                           0x00000359   Thumb Code     2  startup_tm4c123.o(.text)
    GPIOQ7_Handler                           0x0000035b   Thumb Code     2  startup_tm4c123.o(.text)
    GPIOR_Handler                            0x0000035d   Thumb Code     2  startup_tm4c123.o(.text)
    GPIOS_Handler                            0x0000035f   Thumb Code     2  startup_tm4c123.o(.text)
    PMW1_0_Handler                           0x00000361   Thumb Code     2  startup_tm4c123.o(.text)
    PWM1_1_Handler                           0x00000363   Thumb Code     2  startup_tm4c123.o(.text)
    PWM1_2_Handler                           0x00000365   Thumb Code     2  startup_tm4c123.o(.text)
    PWM1_3_Handler                           0x00000367   Thumb Code     2  startup_tm4c123.o(.text)
    PWM1_FAULT_Handler                       0x00000369   Thumb Code     2  startup_tm4c123.o(.text)
    __user_initial_stackheap                 0x0000036d   Thumb Code     0  startup_tm4c123.o(.text)
    __2sprintf                               0x0000038d   Thumb Code    34  noretval__2sprintf.o(.text)
    __printf                                 0x000003b5   Thumb Code   104  __printf.o(.text)
    _printf_int_hex                          0x0000041d   Thumb Code    84  _printf_hex_int.o(.text)
    _printf_longlong_hex                     0x0000041d   Thumb Code     0  _printf_hex_int.o(.text)
    __use_two_region_memory                  0x00000475   Thumb Code     2  heapauxi.o(.text)
    __rt_heap_escrow$2region                 0x00000477   Thumb Code     2  heapauxi.o(.text)
    __rt_heap_expand$2region                 0x00000479   Thumb Code     2  heapauxi.o(.text)
    _printf_int_common                       0x0000047b   Thumb Code   178  _printf_intcommon.o(.text)
    _printf_char_common                      0x00000537   Thumb Code    32  _printf_char_common.o(.text)
    _sputc                                   0x0000055d   Thumb Code    10  _sputc.o(.text)
    __main                                   0x00000569   Thumb Code   136  floating_point.o(appcode)
    SystemInit                               0x000006f5   Thumb Code    14  system_tm4c123.o(i.SystemInit)
    printMsg                                 0x00000709   Thumb Code    78  printmsg.o(i.printMsg)



==============================================================================

Memory Map of the image

  Image Entry point : 0x00000569

  Load Region LR_IROM1 (Base: 0x00000000, Size: 0x00000788, Max: 0x00100000, ABSOLUTE)

    Execution Region ER_IROM1 (Exec base: 0x00000000, Load base: 0x00000000, Size: 0x00000788, Max: 0x00100000, ABSOLUTE)

    Exec Addr    Load Addr    Size         Type   Attr      Idx    E Section Name        Object

    0x00000000   0x00000000   0x0000026c   Data   RO           60    RESET               startup_tm4c123.o
    0x0000026c   0x0000026c   0x00000000   Code   RO          163    .ARM.Collect$$_printf_percent$$00000000  c_w.l(_printf_percent.o)
    0x0000026c   0x0000026c   0x00000006   Code   RO          162    .ARM.Collect$$_printf_percent$$0000000C  c_w.l(_printf_x.o)
    0x00000272   0x00000272   0x00000004   Code   RO          172    .ARM.Collect$$_printf_percent$$00000017  c_w.l(_printf_percent_end.o)
    0x00000276   0x00000276   0x00000002   PAD
    0x00000278   0x00000278   0x00000114   Code   RO           61    .text               startup_tm4c123.o
    0x0000038c   0x0000038c   0x00000028   Code   RO          117    .text               c_w.l(noretval__2sprintf.o)
    0x000003b4   0x000003b4   0x00000068   Code   RO          119    .text               c_w.l(__printf.o)
    0x0000041c   0x0000041c   0x00000058   Code   RO          124    .text               c_w.l(_printf_hex_int.o)
    0x00000474   0x00000474   0x00000006   Code   RO          164    .text               c_w.l(heapauxi.o)
    0x0000047a   0x0000047a   0x000000b2   Code   RO          166    .text               c_w.l(_printf_intcommon.o)
    0x0000052c   0x0000052c   0x00000030   Code   RO          168    .text               c_w.l(_printf_char_common.o)
    0x0000055c   0x0000055c   0x0000000a   Code   RO          170    .text               c_w.l(_sputc.o)
    0x00000566   0x00000566   0x00000002   PAD
    0x00000568   0x00000568   0x0000018a   Code   RO            1  * appcode             floating_point.o
    0x000006f2   0x000006f2   0x00000002   PAD
    0x000006f4   0x000006f4   0x00000014   Code   RO           69    i.SystemInit        system_tm4c123.o
    0x00000708   0x00000708   0x00000058   Code   RO           10    i.printMsg          printmsg.o
    0x00000760   0x00000760   0x00000028   Data   RO          125    .constdata          c_w.l(_printf_hex_int.o)


    Execution Region RW_IRAM1 (Exec base: 0x20000000, Load base: 0x00000788, Size: 0x00000200, Max: 0x00020000, ABSOLUTE)

    Exec Addr    Load Addr    Size         Type   Attr      Idx    E Section Name        Object

    0x20000000        -       0x00000000   Zero   RW           59    HEAP                startup_tm4c123.o
    0x20000000        -       0x00000200   Zero   RW           58    STACK               startup_tm4c123.o


==============================================================================

Image component sizes


      Code (inc. data)   RO Data    RW Data    ZI Data      Debug   Object Name

       394          0          0          0          0        560   floating_point.o
        88         10          0          0          0      57170   printmsg.o
       276         24        620          0        512       5448   startup_tm4c123.o
        20          6          0          0          0        489   system_tm4c123.o

    ----------------------------------------------------------------------
       780         40        620          0        512      63667   Object Totals
         0          0          0          0          0          0   (incl. Generated)
         2          0          0          0          0          0   (incl. Padding)

    ----------------------------------------------------------------------

      Code (inc. data)   RO Data    RW Data    ZI Data      Debug   Library Member Name

       104          0          0          0          0         84   __printf.o
        48          6          0          0          0         96   _printf_char_common.o
        88          4         40          0          0         88   _printf_hex_int.o
       178          0          0          0          0         88   _printf_intcommon.o
         0          0          0          0          0          0   _printf_percent.o
         4          0          0          0          0          0   _printf_percent_end.o
         6          0          0          0          0          0   _printf_x.o
        10          0          0          0          0         68   _sputc.o
         6          0          0          0          0        152   heapauxi.o
        40          6          0          0          0         84   noretval__2sprintf.o

    ----------------------------------------------------------------------
       488         16         40          0          0        660   Library Totals
         4          0          0          0          0          0   (incl. Padding)

    ----------------------------------------------------------------------

      Code (inc. data)   RO Data    RW Data    ZI Data      Debug   Library Name

       484         16         40          0          0        660   c_w.l

    ----------------------------------------------------------------------
       488         16         40          0          0        660   Library Totals

    ----------------------------------------------------------------------

==============================================================================


      Code (inc. data)   RO Data    RW Data    ZI Data      Debug   

      1268         56        660          0        512      63915   Grand Totals
      1268         56        660          0        512      63915   ELF Image Totals
      1268         56        660          0          0          0   ROM Totals

==============================================================================

    Total RO  Size (Code + RO Data)                 1928 (   1.88kB)
    Total RW  Size (RW Data + ZI Data)               512 (   0.50kB)
    Total ROM Size (Code + RO Data + RW Data)       1928 (   1.88kB)

==============================================================================

